<!doctype html public "-//w3c//dtd html 4.0 transitional//en">
<html><head>
<title>Static Call Graph - [.\obj\Modbus.axf]</title></head>
<body><HR>
<H1>Static Call Graph for image .\obj\Modbus.axf</H1><HR>
<BR><P>#&#060CALLGRAPH&#062# ARM Linker, RVCT4.0 [Build 728]: Last Updated: Thu Nov 17 21:20:20 2016
<BR><P>
<H3>Maximum Stack Usage =        180 bytes + Unknown(Untraceable Function Pointers)</H3><H3>
Call chain for Maximum Stack Depth:</H3>
main &rArr; eMBInit &rArr; eMBRTUInit &rArr; xMBPortSerialInit &rArr; UART_Open &rArr; CLK_GetPLLClockFreq &rArr; __aeabi_uidivmod
<P>
<H3>
Function Pointers
</H3><UL>
 <LI><a href="#[1b84428]">eBTFuncReadHoldingRegister</a>
 <LI><a href="#[1b8240c]">eMBFuncReportSlaveID</a>
 <LI><a href="#[1b82cb8]">eMBFuncReadInputRegister</a>
 <LI><a href="#[1b830f0]">eMBFuncReadHoldingRegister</a>
 <LI><a href="#[1b8303c]">eMBFuncWriteMultipleHoldingRegister</a>
 <LI><a href="#[1b83078]">eMBFuncWriteHoldingRegister</a>
 <LI><a href="#[1b830b4]">eMBFuncReadWriteMultipleHoldingRegister</a>
 <LI><a href="#[1b83d98]">eMBFuncReadCoils</a>
 <LI><a href="#[1b83d5c]">eMBFuncWriteCoil</a>
 <LI><a href="#[1b83d20]">eMBFuncWriteMultipleCoils</a>
 <LI><a href="#[1b838ac]">eMBFuncReadDiscreteInputs</a>
 <LI><a href="#[27ba270]">Reset_Handler</a>
 <LI><a href="#[27ba234]">NMI_Handler</a>
 <LI><a href="#[27ba1f8]">HardFault_Handler</a>
 <LI><a href="#[27ba1bc]">SVC_Handler</a>
 <LI><a href="#[27ba180]">PendSV_Handler</a>
 <LI><a href="#[27ba144]">SysTick_Handler</a>
 <LI><a href="#[27ba054]">BOD_IRQHandler</a>
 <LI><a href="#[27b9be0]">WDT_IRQHandler</a>
 <LI><a href="#[27b520c]">EINT0_IRQHandler</a>
 <LI><a href="#[27b51d0]">EINT1_IRQHandler</a>
 <LI><a href="#[27b9fa0]">GPIOP0P1_IRQHandler</a>
 <LI><a href="#[27b5194]">GPIOP2P3P4_IRQHandler</a>
 <LI><a href="#[27b9eb0]">PWMA_IRQHandler</a>
 <LI><a href="#[27b9e74]">PWMB_IRQHandler</a>
 <LI><a href="#[27b9d48]">TMR0_IRQHandler</a>
 <LI><a href="#[1b88064]">TMR1_IRQHandler</a>
 <LI><a href="#[27b9cd0]">TMR2_IRQHandler</a>
 <LI><a href="#[27b9c94]">TMR3_IRQHandler</a>
 <LI><a href="#[1b891f8]">UART0_IRQHandler</a>
 <LI><a href="#[27b9c1c]">UART1_IRQHandler</a>
 <LI><a href="#[27b9dc0]">SPI0_IRQHandler</a>
 <LI><a href="#[27b9d84]">SPI1_IRQHandler</a>
 <LI><a href="#[27ba450]">Default_Handler</a>
 <LI><a href="#[27ba450]">Default_Handler</a>
 <LI><a href="#[27b9f28]">I2C0_IRQHandler</a>
 <LI><a href="#[27b9eec]">I2C1_IRQHandler</a>
 <LI><a href="#[27ba450]">Default_Handler</a>
 <LI><a href="#[27ba450]">Default_Handler</a>
 <LI><a href="#[27ba450]">Default_Handler</a>
 <LI><a href="#[27ba450]">Default_Handler</a>
 <LI><a href="#[27ba450]">Default_Handler</a>
 <LI><a href="#[27ba108]">ACMP01_IRQHandler</a>
 <LI><a href="#[27ba0cc]">ACMP23_IRQHandler</a>
 <LI><a href="#[27ba450]">Default_Handler</a>
 <LI><a href="#[27b9e38]">PWRWU_IRQHandler</a>
 <LI><a href="#[27ba090]">ADC_IRQHandler</a>
 <LI><a href="#[27ba450]">Default_Handler</a>
 <LI><a href="#[27b9dfc]">RTC_IRQHandler</a>
 <LI><a href="#[1b8bb74]">main</a>
 <LI><a href="#[27ba2e8]">SystemInit</a>
 <LI><a href="#[27b4e4c]">__main</a>
 <LI><a href="#[1b84be4]">eMBRTUStart</a>
 <LI><a href="#[1b84ba8]">eMBRTUStop</a>
 <LI><a href="#[1b84c20]">eMBRTUSend</a>
 <LI><a href="#[1b84c5c]">eMBRTUReceive</a>
 <LI><a href="#[1b84b30]">xMBRTUReceiveFSM</a>
 <LI><a href="#[1b84ab8]">xMBRTUTransmitFSM</a>
 <LI><a href="#[1b84af4]">xMBRTUTimerT35Expired</a>
 <LI><a href="#[1b84428]">eBTFuncReadHoldingRegister</a>
 <LI><a href="#[1b8240c]">eMBFuncReportSlaveID</a>
 <LI><a href="#[1b82cb8]">eMBFuncReadInputRegister</a>
 <LI><a href="#[1b830f0]">eMBFuncReadHoldingRegister</a>
 <LI><a href="#[1b8303c]">eMBFuncWriteMultipleHoldingRegister</a>
 <LI><a href="#[1b83078]">eMBFuncWriteHoldingRegister</a>
 <LI><a href="#[1b830b4]">eMBFuncReadWriteMultipleHoldingRegister</a>
 <LI><a href="#[1b83d98]">eMBFuncReadCoils</a>
 <LI><a href="#[1b83d5c]">eMBFuncWriteCoil</a>
 <LI><a href="#[1b83d20]">eMBFuncWriteMultipleCoils</a>
 <LI><a href="#[1b838ac]">eMBFuncReadDiscreteInputs</a>
</UL>
<P>
<H3>
Global Symbols
</H3>
<P><STRONG><a name="[27b4e4c]"></a>__main</STRONG> (Thumb, 0 bytes, Stack size unknown bytes, entry.o(.ARM.Collect$$$$00000000))
<BR>[Address Reference Count : 1]<UL><LI> startup_m051series.o(.text)
</UL>
<P><STRONG><a name="[27b3bc8]"></a>_main_stk</STRONG> (Thumb, 0 bytes, Stack size unknown bytes, entry2.o(.ARM.Collect$$$$00000001))

<P><STRONG><a name="[27b3a9c]"></a>_main_scatterload</STRONG> (Thumb, 0 bytes, Stack size unknown bytes, entry5.o(.ARM.Collect$$$$00000004))
<BR><BR>[Calls]<UL><LI><a href="#[27b3844]">&gt;&gt;</a>&nbsp;&nbsp;&nbsp;__scatterload
</UL>

<P><STRONG><a name="[27b3a60]"></a>__main_after_scatterload</STRONG> (Thumb, 0 bytes, Stack size unknown bytes, entry5.o(.ARM.Collect$$$$00000004))
<BR><BR>[Called By]<UL><LI><a href="#[27b3844]">&gt;&gt;</a>&nbsp;&nbsp;&nbsp;__scatterload
</UL>

<P><STRONG><a name="[27b3970]"></a>_main_init</STRONG> (Thumb, 0 bytes, Stack size unknown bytes, entry7.o(.ARM.Collect$$$$00000007))

<P><STRONG><a name="[27ba270]"></a>Reset_Handler</STRONG> (Thumb, 32 bytes, Stack size 0 bytes, startup_m051series.o(.text))

<P><STRONG><a name="[27ba234]"></a>NMI_Handler</STRONG> (Thumb, 2 bytes, Stack size 0 bytes, startup_m051series.o(.text))
<BR>[Address Reference Count : 1]<UL><LI> startup_m051series.o(RESET)
</UL>
<P><STRONG><a name="[27ba1f8]"></a>HardFault_Handler</STRONG> (Thumb, 2 bytes, Stack size 0 bytes, startup_m051series.o(.text))
<BR>[Address Reference Count : 1]<UL><LI> startup_m051series.o(RESET)
</UL>
<P><STRONG><a name="[27ba1bc]"></a>SVC_Handler</STRONG> (Thumb, 2 bytes, Stack size 0 bytes, startup_m051series.o(.text))
<BR>[Address Reference Count : 1]<UL><LI> startup_m051series.o(RESET)
</UL>
<P><STRONG><a name="[27ba180]"></a>PendSV_Handler</STRONG> (Thumb, 2 bytes, Stack size 0 bytes, startup_m051series.o(.text))
<BR>[Address Reference Count : 1]<UL><LI> startup_m051series.o(RESET)
</UL>
<P><STRONG><a name="[27ba144]"></a>SysTick_Handler</STRONG> (Thumb, 2 bytes, Stack size 0 bytes, startup_m051series.o(.text))
<BR>[Address Reference Count : 1]<UL><LI> startup_m051series.o(RESET)
</UL>
<P><STRONG><a name="[27ba108]"></a>ACMP01_IRQHandler</STRONG> (Thumb, 0 bytes, Stack size 0 bytes, startup_m051series.o(.text))
<BR>[Address Reference Count : 1]<UL><LI> startup_m051series.o(RESET)
</UL>
<P><STRONG><a name="[27ba0cc]"></a>ACMP23_IRQHandler</STRONG> (Thumb, 0 bytes, Stack size 0 bytes, startup_m051series.o(.text))
<BR>[Address Reference Count : 1]<UL><LI> startup_m051series.o(RESET)
</UL>
<P><STRONG><a name="[27ba090]"></a>ADC_IRQHandler</STRONG> (Thumb, 0 bytes, Stack size 0 bytes, startup_m051series.o(.text))
<BR>[Address Reference Count : 1]<UL><LI> startup_m051series.o(RESET)
</UL>
<P><STRONG><a name="[27ba054]"></a>BOD_IRQHandler</STRONG> (Thumb, 0 bytes, Stack size 0 bytes, startup_m051series.o(.text))
<BR>[Address Reference Count : 1]<UL><LI> startup_m051series.o(RESET)
</UL>
<P><STRONG><a name="[27b9fa0]"></a>GPIOP0P1_IRQHandler</STRONG> (Thumb, 0 bytes, Stack size 0 bytes, startup_m051series.o(.text))
<BR>[Address Reference Count : 1]<UL><LI> startup_m051series.o(RESET)
</UL>
<P><STRONG><a name="[27b9f28]"></a>I2C0_IRQHandler</STRONG> (Thumb, 0 bytes, Stack size 0 bytes, startup_m051series.o(.text))
<BR>[Address Reference Count : 1]<UL><LI> startup_m051series.o(RESET)
</UL>
<P><STRONG><a name="[27b9eec]"></a>I2C1_IRQHandler</STRONG> (Thumb, 0 bytes, Stack size 0 bytes, startup_m051series.o(.text))
<BR>[Address Reference Count : 1]<UL><LI> startup_m051series.o(RESET)
</UL>
<P><STRONG><a name="[27b9eb0]"></a>PWMA_IRQHandler</STRONG> (Thumb, 0 bytes, Stack size 0 bytes, startup_m051series.o(.text))
<BR>[Address Reference Count : 1]<UL><LI> startup_m051series.o(RESET)
</UL>
<P><STRONG><a name="[27b9e74]"></a>PWMB_IRQHandler</STRONG> (Thumb, 0 bytes, Stack size 0 bytes, startup_m051series.o(.text))
<BR>[Address Reference Count : 1]<UL><LI> startup_m051series.o(RESET)
</UL>
<P><STRONG><a name="[27b9e38]"></a>PWRWU_IRQHandler</STRONG> (Thumb, 0 bytes, Stack size 0 bytes, startup_m051series.o(.text))
<BR>[Address Reference Count : 1]<UL><LI> startup_m051series.o(RESET)
</UL>
<P><STRONG><a name="[27b9dfc]"></a>RTC_IRQHandler</STRONG> (Thumb, 0 bytes, Stack size 0 bytes, startup_m051series.o(.text))
<BR>[Address Reference Count : 1]<UL><LI> startup_m051series.o(RESET)
</UL>
<P><STRONG><a name="[27b9dc0]"></a>SPI0_IRQHandler</STRONG> (Thumb, 0 bytes, Stack size 0 bytes, startup_m051series.o(.text))
<BR>[Address Reference Count : 1]<UL><LI> startup_m051series.o(RESET)
</UL>
<P><STRONG><a name="[27b9d84]"></a>SPI1_IRQHandler</STRONG> (Thumb, 0 bytes, Stack size 0 bytes, startup_m051series.o(.text))
<BR>[Address Reference Count : 1]<UL><LI> startup_m051series.o(RESET)
</UL>
<P><STRONG><a name="[27b9d48]"></a>TMR0_IRQHandler</STRONG> (Thumb, 0 bytes, Stack size 0 bytes, startup_m051series.o(.text))
<BR>[Address Reference Count : 1]<UL><LI> startup_m051series.o(RESET)
</UL>
<P><STRONG><a name="[27b9cd0]"></a>TMR2_IRQHandler</STRONG> (Thumb, 0 bytes, Stack size 0 bytes, startup_m051series.o(.text))
<BR>[Address Reference Count : 1]<UL><LI> startup_m051series.o(RESET)
</UL>
<P><STRONG><a name="[27b9c94]"></a>TMR3_IRQHandler</STRONG> (Thumb, 0 bytes, Stack size 0 bytes, startup_m051series.o(.text))
<BR>[Address Reference Count : 1]<UL><LI> startup_m051series.o(RESET)
</UL>
<P><STRONG><a name="[27b9c1c]"></a>UART1_IRQHandler</STRONG> (Thumb, 0 bytes, Stack size 0 bytes, startup_m051series.o(.text))
<BR>[Address Reference Count : 1]<UL><LI> startup_m051series.o(RESET)
</UL>
<P><STRONG><a name="[27b9be0]"></a>WDT_IRQHandler</STRONG> (Thumb, 0 bytes, Stack size 0 bytes, startup_m051series.o(.text))
<BR>[Address Reference Count : 1]<UL><LI> startup_m051series.o(RESET)
</UL>
<P><STRONG><a name="[27b4b7c]"></a>__aeabi_uidiv</STRONG> (Thumb, 0 bytes, Stack size 12 bytes, uidiv.o(.text), UNUSED)

<P><STRONG><a name="[27b4b40]"></a>__aeabi_uidivmod</STRONG> (Thumb, 44 bytes, Stack size 12 bytes, uidiv.o(.text))
<BR><BR>[Stack]<UL><LI>Max Depth = 12<LI>Call Chain = __aeabi_uidivmod
</UL>
<BR>[Called By]<UL><LI><a href="#[1b84c98]">&gt;&gt;</a>&nbsp;&nbsp;&nbsp;eMBRTUInit
<LI><a href="#[1b87f74]">&gt;&gt;</a>&nbsp;&nbsp;&nbsp;TIMER_Open
<LI><a href="#[1b8b8e0]">&gt;&gt;</a>&nbsp;&nbsp;&nbsp;UART_Open
<LI><a href="#[1b8b958]">&gt;&gt;</a>&nbsp;&nbsp;&nbsp;SystemCoreClockUpdate
<LI><a href="#[27b4a14]">&gt;&gt;</a>&nbsp;&nbsp;&nbsp;__aeabi_idivmod
<LI><a href="#[27b93ac]">&gt;&gt;</a>&nbsp;&nbsp;&nbsp;CLK_GetPLLClockFreq
<LI><a href="#[27bb8b4]">&gt;&gt;</a>&nbsp;&nbsp;&nbsp;CLK_GetPLLClockFreq
</UL>

<P><STRONG><a name="[27b4a50]"></a>__aeabi_idiv</STRONG> (Thumb, 0 bytes, Stack size 16 bytes, idiv.o(.text), UNUSED)

<P><STRONG><a name="[27b4a14]"></a>__aeabi_idivmod</STRONG> (Thumb, 40 bytes, Stack size 16 bytes, idiv.o(.text))
<BR><BR>[Stack]<UL><LI>Max Depth = 28<LI>Call Chain = __aeabi_idivmod &rArr; __aeabi_uidivmod
</UL>
<BR>[Calls]<UL><LI><a href="#[27b4b40]">&gt;&gt;</a>&nbsp;&nbsp;&nbsp;__aeabi_uidivmod
</UL>
<BR>[Called By]<UL><LI><a href="#[1b8bac0]">&gt;&gt;</a>&nbsp;&nbsp;&nbsp;CountPoll
</UL>

<P><STRONG><a name="[27b4924]"></a>__aeabi_memcpy</STRONG> (Thumb, 36 bytes, Stack size 0 bytes, memcpya.o(.text))
<BR><BR>[Called By]<UL><LI><a href="#[1b8240c]">&gt;&gt;</a>&nbsp;&nbsp;&nbsp;eMBFuncReportSlaveID
<LI><a href="#[1b84b6c]">&gt;&gt;</a>&nbsp;&nbsp;&nbsp;peBTFrameSendCur
</UL>

<P><STRONG><a name="[27b48e8]"></a>__aeabi_memcpy4</STRONG> (Thumb, 0 bytes, Stack size 0 bytes, memcpya.o(.text))
<BR><BR>[Called By]<UL><LI><a href="#[27bd36c]">&gt;&gt;</a>&nbsp;&nbsp;&nbsp;TIMER_GetModuleClock
</UL>

<P><STRONG><a name="[27b48ac]"></a>__aeabi_memcpy8</STRONG> (Thumb, 0 bytes, Stack size 0 bytes, memcpya.o(.text), UNUSED)

<P><STRONG><a name="[27b3844]"></a>__scatterload</STRONG> (Thumb, 28 bytes, Stack size 0 bytes, init.o(.text))
<BR><BR>[Calls]<UL><LI><a href="#[27b3a60]">&gt;&gt;</a>&nbsp;&nbsp;&nbsp;__main_after_scatterload
</UL>
<BR>[Called By]<UL><LI><a href="#[27b3a9c]">&gt;&gt;</a>&nbsp;&nbsp;&nbsp;_main_scatterload
</UL>

<P><STRONG><a name="[27b3808]"></a>__scatterload_rt2</STRONG> (Thumb, 0 bytes, Stack size 0 bytes, init.o(.text), UNUSED)

<P><STRONG><a name="[27b32e0]"></a>__decompress</STRONG> (Thumb, 0 bytes, Stack size unknown bytes, __dczerorl2.o(.text), UNUSED)

<P><STRONG><a name="[27b32a4]"></a>__decompress1</STRONG> (Thumb, 88 bytes, Stack size unknown bytes, __dczerorl2.o(.text), UNUSED)

<P><STRONG><a name="[1b8bb38]"></a>BuzzePoll</STRONG> (Thumb, 26 bytes, Stack size 4 bytes, display.o(i.BuzzePoll))
<BR><BR>[Stack]<UL><LI>Max Depth = 4<LI>Call Chain = BuzzePoll
</UL>
<BR>[Calls]<UL><LI><a href="#[27b5068]">&gt;&gt;</a>&nbsp;&nbsp;&nbsp;SetBuzzer
</UL>
<BR>[Called By]<UL><LI><a href="#[1b8bb74]">&gt;&gt;</a>&nbsp;&nbsp;&nbsp;main
</UL>

<P><STRONG><a name="[1b89090]"></a>CLK_EnableModuleClock</STRONG> (Thumb, 28 bytes, Stack size 0 bytes, clk.o(i.CLK_EnableModuleClock))
<BR><BR>[Called By]<UL><LI><a href="#[1b89108]">&gt;&gt;</a>&nbsp;&nbsp;&nbsp;xMBPortSerialInit
</UL>

<P><STRONG><a name="[1b89054]"></a>CLK_SetModuleClock</STRONG> (Thumb, 88 bytes, Stack size 20 bytes, clk.o(i.CLK_SetModuleClock))
<BR><BR>[Stack]<UL><LI>Max Depth = 20<LI>Call Chain = CLK_SetModuleClock
</UL>
<BR>[Called By]<UL><LI><a href="#[1b89108]">&gt;&gt;</a>&nbsp;&nbsp;&nbsp;xMBPortSerialInit
</UL>

<P><STRONG><a name="[1b8bafc]"></a>CLK_WaitClockReady</STRONG> (Thumb, 28 bytes, Stack size 0 bytes, clk.o(i.CLK_WaitClockReady))
<BR><BR>[Called By]<UL><LI><a href="#[1b8bbec]">&gt;&gt;</a>&nbsp;&nbsp;&nbsp;SYS_Init
</UL>

<P><STRONG><a name="[1b8bac0]"></a>CountPoll</STRONG> (Thumb, 130 bytes, Stack size 24 bytes, display.o(i.CountPoll))
<BR><BR>[Stack]<UL><LI>Max Depth = 52<LI>Call Chain = CountPoll &rArr; __aeabi_idivmod &rArr; __aeabi_uidivmod
</UL>
<BR>[Calls]<UL><LI><a href="#[27b4a14]">&gt;&gt;</a>&nbsp;&nbsp;&nbsp;__aeabi_idivmod
<LI><a href="#[27b502c]">&gt;&gt;</a>&nbsp;&nbsp;&nbsp;SetNumber
</UL>
<BR>[Called By]<UL><LI><a href="#[1b8bb74]">&gt;&gt;</a>&nbsp;&nbsp;&nbsp;main
</UL>

<P><STRONG><a name="[1b8ba48]"></a>DisplayHWInit</STRONG> (Thumb, 66 bytes, Stack size 8 bytes, display.o(i.DisplayHWInit))
<BR><BR>[Stack]<UL><LI>Max Depth = 24<LI>Call Chain = DisplayHWInit &rArr; GPIO_SetMode
</UL>
<BR>[Calls]<UL><LI><a href="#[1bed7a8]">&gt;&gt;</a>&nbsp;&nbsp;&nbsp;GPIO_SetMode
</UL>
<BR>[Called By]<UL><LI><a href="#[1b8bb74]">&gt;&gt;</a>&nbsp;&nbsp;&nbsp;main
</UL>

<P><STRONG><a name="[27b5248]"></a>DisplayPoll</STRONG> (Thumb, 168 bytes, Stack size 0 bytes, display.o(i.DisplayPoll))
<BR><BR>[Called By]<UL><LI><a href="#[1b8ba0c]">&gt;&gt;</a>&nbsp;&nbsp;&nbsp;DisplayScan
</UL>

<P><STRONG><a name="[1b8ba0c]"></a>DisplayScan</STRONG> (Thumb, 22 bytes, Stack size 4 bytes, display.o(i.DisplayScan))
<BR><BR>[Stack]<UL><LI>Max Depth = 4<LI>Call Chain = DisplayScan
</UL>
<BR>[Calls]<UL><LI><a href="#[27b5248]">&gt;&gt;</a>&nbsp;&nbsp;&nbsp;DisplayPoll
</UL>
<BR>[Called By]<UL><LI><a href="#[1b8bb74]">&gt;&gt;</a>&nbsp;&nbsp;&nbsp;main
</UL>

<P><STRONG><a name="[27b520c]"></a>EINT0_IRQHandler</STRONG> (Thumb, 90 bytes, Stack size 0 bytes, display.o(i.EINT0_IRQHandler))
<BR>[Address Reference Count : 1]<UL><LI> startup_m051series.o(RESET)
</UL>
<P><STRONG><a name="[27b51d0]"></a>EINT1_IRQHandler</STRONG> (Thumb, 8 bytes, Stack size 0 bytes, display.o(i.EINT1_IRQHandler))
<BR>[Address Reference Count : 1]<UL><LI> startup_m051series.o(RESET)
</UL>
<P><STRONG><a name="[1b8b250]"></a>EnterCriticalSection</STRONG> (Thumb, 4 bytes, Stack size 0 bytes, port.o(i.EnterCriticalSection))
<BR><BR>[Called By]<UL><LI><a href="#[1b84b6c]">&gt;&gt;</a>&nbsp;&nbsp;&nbsp;peBTFrameSendCur
<LI><a href="#[1b84ba8]">&gt;&gt;</a>&nbsp;&nbsp;&nbsp;eMBRTUStop
<LI><a href="#[1b84be4]">&gt;&gt;</a>&nbsp;&nbsp;&nbsp;eMBRTUStart
<LI><a href="#[1b84c20]">&gt;&gt;</a>&nbsp;&nbsp;&nbsp;eMBRTUSend
<LI><a href="#[1b84c5c]">&gt;&gt;</a>&nbsp;&nbsp;&nbsp;eMBRTUReceive
<LI><a href="#[1b84c98]">&gt;&gt;</a>&nbsp;&nbsp;&nbsp;eMBRTUInit
<LI><a href="#[1b89108]">&gt;&gt;</a>&nbsp;&nbsp;&nbsp;xMBPortSerialInit
</UL>

<P><STRONG><a name="[1b8b214]"></a>ExitCriticalSection</STRONG> (Thumb, 4 bytes, Stack size 0 bytes, port.o(i.ExitCriticalSection))
<BR><BR>[Called By]<UL><LI><a href="#[1b84b6c]">&gt;&gt;</a>&nbsp;&nbsp;&nbsp;peBTFrameSendCur
<LI><a href="#[1b84ba8]">&gt;&gt;</a>&nbsp;&nbsp;&nbsp;eMBRTUStop
<LI><a href="#[1b84be4]">&gt;&gt;</a>&nbsp;&nbsp;&nbsp;eMBRTUStart
<LI><a href="#[1b84c20]">&gt;&gt;</a>&nbsp;&nbsp;&nbsp;eMBRTUSend
<LI><a href="#[1b84c5c]">&gt;&gt;</a>&nbsp;&nbsp;&nbsp;eMBRTUReceive
<LI><a href="#[1b84c98]">&gt;&gt;</a>&nbsp;&nbsp;&nbsp;eMBRTUInit
<LI><a href="#[1b89108]">&gt;&gt;</a>&nbsp;&nbsp;&nbsp;xMBPortSerialInit
</UL>

<P><STRONG><a name="[1bee1f8]"></a>FMC_Open</STRONG> (Thumb, 14 bytes, Stack size 0 bytes, fmc.o(i.FMC_Open))
<BR><BR>[Called By]<UL><LI><a href="#[1b8b91c]">&gt;&gt;</a>&nbsp;&nbsp;&nbsp;TimeInit
</UL>

<P><STRONG><a name="[27b5194]"></a>GPIOP2P3P4_IRQHandler</STRONG> (Thumb, 14 bytes, Stack size 8 bytes, display.o(i.GPIOP2P3P4_IRQHandler))
<BR><BR>[Stack]<UL><LI>Max Depth = 24<LI>Call Chain = GPIOP2P3P4_IRQHandler &rArr; TimeRunHook &rArr; GetFlash
</UL>
<BR>[Calls]<UL><LI><a href="#[27b4fb4]">&gt;&gt;</a>&nbsp;&nbsp;&nbsp;TimeRunHook
</UL>
<BR>[Address Reference Count : 1]<UL><LI> startup_m051series.o(RESET)
</UL>
<P><STRONG><a name="[1bed7e4]"></a>GPIO_EnableInt</STRONG> (Thumb, 26 bytes, Stack size 8 bytes, gpio.o(i.GPIO_EnableInt))
<BR><BR>[Stack]<UL><LI>Max Depth = 8<LI>Call Chain = GPIO_EnableInt
</UL>
<BR>[Called By]<UL><LI><a href="#[1b8b9d0]">&gt;&gt;</a>&nbsp;&nbsp;&nbsp;RotaryEncoderHWinit
</UL>

<P><STRONG><a name="[1bed7a8]"></a>GPIO_SetMode</STRONG> (Thumb, 42 bytes, Stack size 16 bytes, gpio.o(i.GPIO_SetMode))
<BR><BR>[Stack]<UL><LI>Max Depth = 16<LI>Call Chain = GPIO_SetMode
</UL>
<BR>[Called By]<UL><LI><a href="#[1b8b9d0]">&gt;&gt;</a>&nbsp;&nbsp;&nbsp;RotaryEncoderHWinit
<LI><a href="#[1b8ba48]">&gt;&gt;</a>&nbsp;&nbsp;&nbsp;DisplayHWInit
</UL>

<P><STRONG><a name="[27b5158]"></a>GetFlash</STRONG> (Thumb, 20 bytes, Stack size 8 bytes, display.o(i.GetFlash))
<BR><BR>[Stack]<UL><LI>Max Depth = 8<LI>Call Chain = GetFlash
</UL>
<BR>[Calls]<UL><LI><a href="#[27b5734]">&gt;&gt;</a>&nbsp;&nbsp;&nbsp;FMC_Read
</UL>
<BR>[Called By]<UL><LI><a href="#[27b4fb4]">&gt;&gt;</a>&nbsp;&nbsp;&nbsp;TimeRunHook
</UL>

<P><STRONG><a name="[1b8b9d0]"></a>RotaryEncoderHWinit</STRONG> (Thumb, 128 bytes, Stack size 8 bytes, display.o(i.RotaryEncoderHWinit))
<BR><BR>[Stack]<UL><LI>Max Depth = 24<LI>Call Chain = RotaryEncoderHWinit &rArr; GPIO_SetMode
</UL>
<BR>[Calls]<UL><LI><a href="#[1bed7a8]">&gt;&gt;</a>&nbsp;&nbsp;&nbsp;GPIO_SetMode
<LI><a href="#[1bed7e4]">&gt;&gt;</a>&nbsp;&nbsp;&nbsp;GPIO_EnableInt
<LI><a href="#[27b56f8]">&gt;&gt;</a>&nbsp;&nbsp;&nbsp;NVIC_EnableIRQ
</UL>
<BR>[Called By]<UL><LI><a href="#[1b8bb74]">&gt;&gt;</a>&nbsp;&nbsp;&nbsp;main
</UL>

<P><STRONG><a name="[1b8bbec]"></a>SYS_Init</STRONG> (Thumb, 94 bytes, Stack size 8 bytes, main.o(i.SYS_Init))
<BR><BR>[Stack]<UL><LI>Max Depth = 68<LI>Call Chain = SYS_Init &rArr; SystemCoreClockUpdate &rArr; CLK_GetPLLClockFreq &rArr; __aeabi_uidivmod
</UL>
<BR>[Calls]<UL><LI><a href="#[1b8b958]">&gt;&gt;</a>&nbsp;&nbsp;&nbsp;SystemCoreClockUpdate
<LI><a href="#[1b8bafc]">&gt;&gt;</a>&nbsp;&nbsp;&nbsp;CLK_WaitClockReady
</UL>
<BR>[Called By]<UL><LI><a href="#[1b8bb74]">&gt;&gt;</a>&nbsp;&nbsp;&nbsp;main
</UL>

<P><STRONG><a name="[1b8b994]"></a>SYS_ResetModule</STRONG> (Thumb, 44 bytes, Stack size 0 bytes, sys.o(i.SYS_ResetModule))
<BR><BR>[Called By]<UL><LI><a href="#[1b89108]">&gt;&gt;</a>&nbsp;&nbsp;&nbsp;xMBPortSerialInit
</UL>

<P><STRONG><a name="[27b50a4]"></a>SaveFlash</STRONG> (Thumb, 114 bytes, Stack size 0 bytes, display.o(i.SaveFlash))
<BR><BR>[Called By]<UL><LI><a href="#[27b4fb4]">&gt;&gt;</a>&nbsp;&nbsp;&nbsp;TimeRunHook
</UL>

<P><STRONG><a name="[27b5068]"></a>SetBuzzer</STRONG> (Thumb, 20 bytes, Stack size 0 bytes, display.o(i.SetBuzzer))
<BR><BR>[Called By]<UL><LI><a href="#[1b8bb38]">&gt;&gt;</a>&nbsp;&nbsp;&nbsp;BuzzePoll
</UL>

<P><STRONG><a name="[27b502c]"></a>SetNumber</STRONG> (Thumb, 42 bytes, Stack size 8 bytes, display.o(i.SetNumber))
<BR><BR>[Stack]<UL><LI>Max Depth = 8<LI>Call Chain = SetNumber
</UL>
<BR>[Called By]<UL><LI><a href="#[1b8bac0]">&gt;&gt;</a>&nbsp;&nbsp;&nbsp;CountPoll
</UL>

<P><STRONG><a name="[1b8b958]"></a>SystemCoreClockUpdate</STRONG> (Thumb, 76 bytes, Stack size 16 bytes, system_m051series.o(i.SystemCoreClockUpdate))
<BR><BR>[Stack]<UL><LI>Max Depth = 60<LI>Call Chain = SystemCoreClockUpdate &rArr; CLK_GetPLLClockFreq &rArr; __aeabi_uidivmod
</UL>
<BR>[Calls]<UL><LI><a href="#[27b4b40]">&gt;&gt;</a>&nbsp;&nbsp;&nbsp;__aeabi_uidivmod
<LI><a href="#[27b93ac]">&gt;&gt;</a>&nbsp;&nbsp;&nbsp;CLK_GetPLLClockFreq
</UL>
<BR>[Called By]<UL><LI><a href="#[1b8bbec]">&gt;&gt;</a>&nbsp;&nbsp;&nbsp;SYS_Init
</UL>

<P><STRONG><a name="[27ba2e8]"></a>SystemInit</STRONG> (Thumb, 2 bytes, Stack size 0 bytes, system_m051series.o(i.SystemInit))
<BR>[Address Reference Count : 1]<UL><LI> startup_m051series.o(.text)
</UL>
<P><STRONG><a name="[27bd36c]"></a>TIMER_GetModuleClock</STRONG> (Thumb, 110 bytes, Stack size 48 bytes, timer.o(i.TIMER_GetModuleClock))
<BR><BR>[Stack]<UL><LI>Max Depth = 48<LI>Call Chain = TIMER_GetModuleClock
</UL>
<BR>[Calls]<UL><LI><a href="#[27b48e8]">&gt;&gt;</a>&nbsp;&nbsp;&nbsp;__aeabi_memcpy4
</UL>
<BR>[Called By]<UL><LI><a href="#[1b87f74]">&gt;&gt;</a>&nbsp;&nbsp;&nbsp;TIMER_Open
</UL>

<P><STRONG><a name="[1b87f74]"></a>TIMER_Open</STRONG> (Thumb, 116 bytes, Stack size 40 bytes, timer.o(i.TIMER_Open))
<BR><BR>[Stack]<UL><LI>Max Depth = 88<LI>Call Chain = TIMER_Open &rArr; TIMER_GetModuleClock
</UL>
<BR>[Calls]<UL><LI><a href="#[27b4b40]">&gt;&gt;</a>&nbsp;&nbsp;&nbsp;__aeabi_uidivmod
<LI><a href="#[27bd36c]">&gt;&gt;</a>&nbsp;&nbsp;&nbsp;TIMER_GetModuleClock
</UL>
<BR>[Called By]<UL><LI><a href="#[1b87fb0]">&gt;&gt;</a>&nbsp;&nbsp;&nbsp;xMBPortTimersInit
</UL>

<P><STRONG><a name="[1b88064]"></a>TMR1_IRQHandler</STRONG> (Thumb, 78 bytes, Stack size 8 bytes, porttimer.o(i.TMR1_IRQHandler))
<BR><BR>[Stack]<UL><LI>Max Depth = 16<LI>Call Chain = TMR1_IRQHandler &rArr; prvvTIMERExpiredISR
</UL>
<BR>[Calls]<UL><LI><a href="#[1b87f38]">&gt;&gt;</a>&nbsp;&nbsp;&nbsp;Timetick50us
<LI><a href="#[1b88370]">&gt;&gt;</a>&nbsp;&nbsp;&nbsp;prvvTIMERExpiredISR
</UL>
<BR>[Address Reference Count : 1]<UL><LI> startup_m051series.o(RESET)
</UL>
<P><STRONG><a name="[27b4ff0]"></a>TimeDec</STRONG> (Thumb, 76 bytes, Stack size 0 bytes, display.o(i.TimeDec))
<BR><BR>[Called By]<UL><LI><a href="#[1b87f38]">&gt;&gt;</a>&nbsp;&nbsp;&nbsp;Timetick50us
</UL>

<P><STRONG><a name="[1b8b91c]"></a>TimeInit</STRONG> (Thumb, 78 bytes, Stack size 8 bytes, display.o(i.TimeInit))
<BR><BR>[Stack]<UL><LI>Max Depth = 8<LI>Call Chain = TimeInit
</UL>
<BR>[Calls]<UL><LI><a href="#[1bee1f8]">&gt;&gt;</a>&nbsp;&nbsp;&nbsp;FMC_Open
<LI><a href="#[27b5734]">&gt;&gt;</a>&nbsp;&nbsp;&nbsp;FMC_Read
</UL>
<BR>[Called By]<UL><LI><a href="#[1b8bb74]">&gt;&gt;</a>&nbsp;&nbsp;&nbsp;main
</UL>

<P><STRONG><a name="[27b4fb4]"></a>TimeRunHook</STRONG> (Thumb, 144 bytes, Stack size 8 bytes, display.o(i.TimeRunHook))
<BR><BR>[Stack]<UL><LI>Max Depth = 16<LI>Call Chain = TimeRunHook &rArr; GetFlash
</UL>
<BR>[Calls]<UL><LI><a href="#[27b50a4]">&gt;&gt;</a>&nbsp;&nbsp;&nbsp;SaveFlash
<LI><a href="#[27b5158]">&gt;&gt;</a>&nbsp;&nbsp;&nbsp;GetFlash
</UL>
<BR>[Called By]<UL><LI><a href="#[27b5194]">&gt;&gt;</a>&nbsp;&nbsp;&nbsp;GPIOP2P3P4_IRQHandler
</UL>

<P><STRONG><a name="[1b87f38]"></a>Timetick50us</STRONG> (Thumb, 28 bytes, Stack size 4 bytes, display.o(i.Timetick50us))
<BR><BR>[Stack]<UL><LI>Max Depth = 4<LI>Call Chain = Timetick50us
</UL>
<BR>[Calls]<UL><LI><a href="#[27b4ff0]">&gt;&gt;</a>&nbsp;&nbsp;&nbsp;TimeDec
</UL>
<BR>[Called By]<UL><LI><a href="#[1b88064]">&gt;&gt;</a>&nbsp;&nbsp;&nbsp;TMR1_IRQHandler
</UL>

<P><STRONG><a name="[1b891f8]"></a>UART0_IRQHandler</STRONG> (Thumb, 38 bytes, Stack size 8 bytes, portserial.o(i.UART0_IRQHandler))
<BR><BR>[Stack]<UL><LI>Max Depth = 16<LI>Call Chain = UART0_IRQHandler &rArr; prvvUARTTxReadyISR
</UL>
<BR>[Calls]<UL><LI><a href="#[1b89888]">&gt;&gt;</a>&nbsp;&nbsp;&nbsp;prvvUARTTxReadyISR
<LI><a href="#[1b898c4]">&gt;&gt;</a>&nbsp;&nbsp;&nbsp;prvvUARTRxISR
</UL>
<BR>[Address Reference Count : 1]<UL><LI> startup_m051series.o(RESET)
</UL>
<P><STRONG><a name="[1b8b8e0]"></a>UART_Open</STRONG> (Thumb, 132 bytes, Stack size 40 bytes, uart.o(i.UART_Open))
<BR><BR>[Stack]<UL><LI>Max Depth = 84<LI>Call Chain = UART_Open &rArr; CLK_GetPLLClockFreq &rArr; __aeabi_uidivmod
</UL>
<BR>[Calls]<UL><LI><a href="#[27b4b40]">&gt;&gt;</a>&nbsp;&nbsp;&nbsp;__aeabi_uidivmod
<LI><a href="#[27bb8b4]">&gt;&gt;</a>&nbsp;&nbsp;&nbsp;CLK_GetPLLClockFreq
</UL>
<BR>[Called By]<UL><LI><a href="#[1b89108]">&gt;&gt;</a>&nbsp;&nbsp;&nbsp;xMBPortSerialInit
</UL>

<P><STRONG><a name="[1b806c0]"></a>__ARM_common_switch8</STRONG> (Thumb, 26 bytes, Stack size 8 bytes, mb.o(i.__ARM_common_switch8))
<BR><BR>[Stack]<UL><LI>Max Depth = 8<LI>Call Chain = __ARM_common_switch8
</UL>
<BR>[Called By]<UL><LI><a href="#[1b8b82c]">&gt;&gt;</a>&nbsp;&nbsp;&nbsp;eMBPoll
</UL>

<P><STRONG><a name="[27b3448]"></a>__scatterload_copy</STRONG> (Thumb, 14 bytes, Stack size unknown bytes, handlers.o(i.__scatterload_copy), UNUSED)

<P><STRONG><a name="[27b340c]"></a>__scatterload_null</STRONG> (Thumb, 2 bytes, Stack size unknown bytes, handlers.o(i.__scatterload_null), UNUSED)

<P><STRONG><a name="[27b33d0]"></a>__scatterload_zeroinit</STRONG> (Thumb, 14 bytes, Stack size unknown bytes, handlers.o(i.__scatterload_zeroinit), UNUSED)

<P><STRONG><a name="[1b86624]"></a>crc_ccitt</STRONG> (Thumb, 40 bytes, Stack size 8 bytes, mbcrc.o(i.crc_ccitt))
<BR><BR>[Stack]<UL><LI>Max Depth = 8<LI>Call Chain = crc_ccitt
</UL>
<BR>[Called By]<UL><LI><a href="#[1b84b6c]">&gt;&gt;</a>&nbsp;&nbsp;&nbsp;peBTFrameSendCur
</UL>

<P><STRONG><a name="[1b84428]"></a>eBTFuncReadHoldingRegister</STRONG> (Thumb, 148 bytes, Stack size 24 bytes, btfunc.o(i.eBTFuncReadHoldingRegister))
<BR><BR>[Stack]<UL><LI>Max Depth = 24<LI>Call Chain = eBTFuncReadHoldingRegister
</UL>
<BR>[Calls]<UL><LI><a href="#[1b843ec]">&gt;&gt;</a>&nbsp;&nbsp;&nbsp;prveMBError2Exception
</UL>
<BR>[Address Reference Count : 1]<UL><LI> mb.o(.data)
</UL>
<P><STRONG><a name="[1b8b8a4]"></a>eMBEnable</STRONG> (Thumb, 34 bytes, Stack size 8 bytes, mb.o(i.eMBEnable))
<BR><BR>[Stack]<UL><LI>Max Depth = 8<LI>Call Chain = eMBEnable
</UL>
<BR>[Called By]<UL><LI><a href="#[1b8bb74]">&gt;&gt;</a>&nbsp;&nbsp;&nbsp;main
</UL>

<P><STRONG><a name="[1b83d98]"></a>eMBFuncReadCoils</STRONG> (Thumb, 190 bytes, Stack size 40 bytes, mbfunccoils.o(i.eMBFuncReadCoils))
<BR><BR>[Stack]<UL><LI>Max Depth = 156<LI>Call Chain = eMBFuncReadCoils &rArr; eMBRegCoilsCB &rArr; xMBUtilSetBits
</UL>
<BR>[Calls]<UL><LI><a href="#[1b843ec]">&gt;&gt;</a>&nbsp;&nbsp;&nbsp;prveMBError2Exception
<LI><a href="#[1b86de0]">&gt;&gt;</a>&nbsp;&nbsp;&nbsp;eMBRegCoilsCB
</UL>
<BR>[Address Reference Count : 1]<UL><LI> mb.o(.data)
</UL>
<P><STRONG><a name="[1b838ac]"></a>eMBFuncReadDiscreteInputs</STRONG> (Thumb, 188 bytes, Stack size 40 bytes, mbfuncdisc.o(i.eMBFuncReadDiscreteInputs))
<BR><BR>[Stack]<UL><LI>Max Depth = 140<LI>Call Chain = eMBFuncReadDiscreteInputs &rArr; eMBRegDiscreteCB &rArr; xMBUtilSetBits
</UL>
<BR>[Calls]<UL><LI><a href="#[1b843ec]">&gt;&gt;</a>&nbsp;&nbsp;&nbsp;prveMBError2Exception
<LI><a href="#[1b86da4]">&gt;&gt;</a>&nbsp;&nbsp;&nbsp;eMBRegDiscreteCB
</UL>
<BR>[Address Reference Count : 1]<UL><LI> mb.o(.data)
</UL>
<P><STRONG><a name="[1b830f0]"></a>eMBFuncReadHoldingRegister</STRONG> (Thumb, 140 bytes, Stack size 32 bytes, mbfuncholding.o(i.eMBFuncReadHoldingRegister))
<BR><BR>[Stack]<UL><LI>Max Depth = 80<LI>Call Chain = eMBFuncReadHoldingRegister &rArr; eMBRegHoldingCB
</UL>
<BR>[Calls]<UL><LI><a href="#[1b843ec]">&gt;&gt;</a>&nbsp;&nbsp;&nbsp;prveMBError2Exception
<LI><a href="#[1b86d68]">&gt;&gt;</a>&nbsp;&nbsp;&nbsp;eMBRegHoldingCB
</UL>
<BR>[Address Reference Count : 1]<UL><LI> mb.o(.data)
</UL>
<P><STRONG><a name="[1b82cb8]"></a>eMBFuncReadInputRegister</STRONG> (Thumb, 140 bytes, Stack size 32 bytes, mbfuncinput.o(i.eMBFuncReadInputRegister))
<BR><BR>[Stack]<UL><LI>Max Depth = 64<LI>Call Chain = eMBFuncReadInputRegister &rArr; eMBRegInputCB
</UL>
<BR>[Calls]<UL><LI><a href="#[1b843ec]">&gt;&gt;</a>&nbsp;&nbsp;&nbsp;prveMBError2Exception
<LI><a href="#[1b86d2c]">&gt;&gt;</a>&nbsp;&nbsp;&nbsp;eMBRegInputCB
</UL>
<BR>[Address Reference Count : 1]<UL><LI> mb.o(.data)
</UL>
<P><STRONG><a name="[1b830b4]"></a>eMBFuncReadWriteMultipleHoldingRegister</STRONG> (Thumb, 234 bytes, Stack size 48 bytes, mbfuncholding.o(i.eMBFuncReadWriteMultipleHoldingRegister))
<BR><BR>[Stack]<UL><LI>Max Depth = 96<LI>Call Chain = eMBFuncReadWriteMultipleHoldingRegister &rArr; eMBRegHoldingCB
</UL>
<BR>[Calls]<UL><LI><a href="#[1b843ec]">&gt;&gt;</a>&nbsp;&nbsp;&nbsp;prveMBError2Exception
<LI><a href="#[1b86d68]">&gt;&gt;</a>&nbsp;&nbsp;&nbsp;eMBRegHoldingCB
</UL>
<BR>[Address Reference Count : 1]<UL><LI> mb.o(.data)
</UL>
<P><STRONG><a name="[1b8240c]"></a>eMBFuncReportSlaveID</STRONG> (Thumb, 30 bytes, Stack size 16 bytes, mbfuncother.o(i.eMBFuncReportSlaveID))
<BR><BR>[Stack]<UL><LI>Max Depth = 16<LI>Call Chain = eMBFuncReportSlaveID
</UL>
<BR>[Calls]<UL><LI><a href="#[27b4924]">&gt;&gt;</a>&nbsp;&nbsp;&nbsp;__aeabi_memcpy
</UL>
<BR>[Address Reference Count : 1]<UL><LI> mb.o(.data)
</UL>
<P><STRONG><a name="[1b83d5c]"></a>eMBFuncWriteCoil</STRONG> (Thumb, 112 bytes, Stack size 32 bytes, mbfunccoils.o(i.eMBFuncWriteCoil))
<BR><BR>[Stack]<UL><LI>Max Depth = 148<LI>Call Chain = eMBFuncWriteCoil &rArr; eMBRegCoilsCB &rArr; xMBUtilSetBits
</UL>
<BR>[Calls]<UL><LI><a href="#[1b843ec]">&gt;&gt;</a>&nbsp;&nbsp;&nbsp;prveMBError2Exception
<LI><a href="#[1b86de0]">&gt;&gt;</a>&nbsp;&nbsp;&nbsp;eMBRegCoilsCB
</UL>
<BR>[Address Reference Count : 1]<UL><LI> mb.o(.data)
</UL>
<P><STRONG><a name="[1b83078]"></a>eMBFuncWriteHoldingRegister</STRONG> (Thumb, 64 bytes, Stack size 24 bytes, mbfuncholding.o(i.eMBFuncWriteHoldingRegister))
<BR><BR>[Stack]<UL><LI>Max Depth = 72<LI>Call Chain = eMBFuncWriteHoldingRegister &rArr; eMBRegHoldingCB
</UL>
<BR>[Calls]<UL><LI><a href="#[1b843ec]">&gt;&gt;</a>&nbsp;&nbsp;&nbsp;prveMBError2Exception
<LI><a href="#[1b86d68]">&gt;&gt;</a>&nbsp;&nbsp;&nbsp;eMBRegHoldingCB
</UL>
<BR>[Address Reference Count : 1]<UL><LI> mb.o(.data)
</UL>
<P><STRONG><a name="[1b83d20]"></a>eMBFuncWriteMultipleCoils</STRONG> (Thumb, 152 bytes, Stack size 40 bytes, mbfunccoils.o(i.eMBFuncWriteMultipleCoils))
<BR><BR>[Stack]<UL><LI>Max Depth = 156<LI>Call Chain = eMBFuncWriteMultipleCoils &rArr; eMBRegCoilsCB &rArr; xMBUtilSetBits
</UL>
<BR>[Calls]<UL><LI><a href="#[1b843ec]">&gt;&gt;</a>&nbsp;&nbsp;&nbsp;prveMBError2Exception
<LI><a href="#[1b86de0]">&gt;&gt;</a>&nbsp;&nbsp;&nbsp;eMBRegCoilsCB
</UL>
<BR>[Address Reference Count : 1]<UL><LI> mb.o(.data)
</UL>
<P><STRONG><a name="[1b8303c]"></a>eMBFuncWriteMultipleHoldingRegister</STRONG> (Thumb, 108 bytes, Stack size 32 bytes, mbfuncholding.o(i.eMBFuncWriteMultipleHoldingRegister))
<BR><BR>[Stack]<UL><LI>Max Depth = 80<LI>Call Chain = eMBFuncWriteMultipleHoldingRegister &rArr; eMBRegHoldingCB
</UL>
<BR>[Calls]<UL><LI><a href="#[1b843ec]">&gt;&gt;</a>&nbsp;&nbsp;&nbsp;prveMBError2Exception
<LI><a href="#[1b86d68]">&gt;&gt;</a>&nbsp;&nbsp;&nbsp;eMBRegHoldingCB
</UL>
<BR>[Address Reference Count : 1]<UL><LI> mb.o(.data)
</UL>
<P><STRONG><a name="[1b8b868]"></a>eMBInit</STRONG> (Thumb, 158 bytes, Stack size 40 bytes, mb.o(i.eMBInit))
<BR><BR>[Stack]<UL><LI>Max Depth = 172<LI>Call Chain = eMBInit &rArr; eMBRTUInit &rArr; xMBPortSerialInit &rArr; UART_Open &rArr; CLK_GetPLLClockFreq &rArr; __aeabi_uidivmod
</UL>
<BR>[Calls]<UL><LI><a href="#[1b84c98]">&gt;&gt;</a>&nbsp;&nbsp;&nbsp;eMBRTUInit
<LI><a href="#[1b8a878]">&gt;&gt;</a>&nbsp;&nbsp;&nbsp;xMBPortEventInit
</UL>
<BR>[Called By]<UL><LI><a href="#[1b8bb74]">&gt;&gt;</a>&nbsp;&nbsp;&nbsp;main
</UL>

<P><STRONG><a name="[1b8b82c]"></a>eMBPoll</STRONG> (Thumb, 522 bytes, Stack size 16 bytes, mb.o(i.eMBPoll))
<BR><BR>[Stack]<UL><LI>Max Depth = 48<LI>Call Chain = eMBPoll &rArr; peBTFrameSendCur &rArr; crc_ccitt
</UL>
<BR>[Calls]<UL><LI><a href="#[1b806c0]">&gt;&gt;</a>&nbsp;&nbsp;&nbsp;__ARM_common_switch8
<LI><a href="#[1b84b6c]">&gt;&gt;</a>&nbsp;&nbsp;&nbsp;peBTFrameSendCur
<LI><a href="#[1b8a83c]">&gt;&gt;</a>&nbsp;&nbsp;&nbsp;xMBPortEventPost
<LI><a href="#[1b8a8b4]">&gt;&gt;</a>&nbsp;&nbsp;&nbsp;xMBPortEventGet
</UL>
<BR>[Called By]<UL><LI><a href="#[1b8bb74]">&gt;&gt;</a>&nbsp;&nbsp;&nbsp;main
</UL>

<P><STRONG><a name="[1b84c98]"></a>eMBRTUInit</STRONG> (Thumb, 80 bytes, Stack size 24 bytes, mbrtu.o(i.eMBRTUInit))
<BR><BR>[Stack]<UL><LI>Max Depth = 132<LI>Call Chain = eMBRTUInit &rArr; xMBPortSerialInit &rArr; UART_Open &rArr; CLK_GetPLLClockFreq &rArr; __aeabi_uidivmod
</UL>
<BR>[Calls]<UL><LI><a href="#[1b87fb0]">&gt;&gt;</a>&nbsp;&nbsp;&nbsp;xMBPortTimersInit
<LI><a href="#[1b89108]">&gt;&gt;</a>&nbsp;&nbsp;&nbsp;xMBPortSerialInit
<LI><a href="#[1b8b214]">&gt;&gt;</a>&nbsp;&nbsp;&nbsp;ExitCriticalSection
<LI><a href="#[1b8b250]">&gt;&gt;</a>&nbsp;&nbsp;&nbsp;EnterCriticalSection
<LI><a href="#[27b4b40]">&gt;&gt;</a>&nbsp;&nbsp;&nbsp;__aeabi_uidivmod
</UL>
<BR>[Called By]<UL><LI><a href="#[1b8b868]">&gt;&gt;</a>&nbsp;&nbsp;&nbsp;eMBInit
</UL>

<P><STRONG><a name="[1b84c5c]"></a>eMBRTUReceive</STRONG> (Thumb, 98 bytes, Stack size 24 bytes, mbrtu.o(i.eMBRTUReceive))
<BR><BR>[Stack]<UL><LI>Max Depth = 40<LI>Call Chain = eMBRTUReceive &rArr; usMBCRC16
</UL>
<BR>[Calls]<UL><LI><a href="#[1b865e8]">&gt;&gt;</a>&nbsp;&nbsp;&nbsp;usMBCRC16
<LI><a href="#[1b8b214]">&gt;&gt;</a>&nbsp;&nbsp;&nbsp;ExitCriticalSection
<LI><a href="#[1b8b250]">&gt;&gt;</a>&nbsp;&nbsp;&nbsp;EnterCriticalSection
</UL>
<BR>[Address Reference Count : 1]<UL><LI> mb.o(i.eMBInit)
</UL>
<P><STRONG><a name="[1b84c20]"></a>eMBRTUSend</STRONG> (Thumb, 128 bytes, Stack size 24 bytes, mbrtu.o(i.eMBRTUSend))
<BR><BR>[Stack]<UL><LI>Max Depth = 40<LI>Call Chain = eMBRTUSend &rArr; usMBCRC16
</UL>
<BR>[Calls]<UL><LI><a href="#[1b865e8]">&gt;&gt;</a>&nbsp;&nbsp;&nbsp;usMBCRC16
<LI><a href="#[1b89180]">&gt;&gt;</a>&nbsp;&nbsp;&nbsp;vMBPortSerialEnable
<LI><a href="#[1b8b214]">&gt;&gt;</a>&nbsp;&nbsp;&nbsp;ExitCriticalSection
<LI><a href="#[1b8b250]">&gt;&gt;</a>&nbsp;&nbsp;&nbsp;EnterCriticalSection
</UL>
<BR>[Address Reference Count : 1]<UL><LI> mb.o(i.eMBInit)
</UL>
<P><STRONG><a name="[1b84be4]"></a>eMBRTUStart</STRONG> (Thumb, 30 bytes, Stack size 8 bytes, mbrtu.o(i.eMBRTUStart))
<BR><BR>[Stack]<UL><LI>Max Depth = 8<LI>Call Chain = eMBRTUStart
</UL>
<BR>[Calls]<UL><LI><a href="#[1b87fec]">&gt;&gt;</a>&nbsp;&nbsp;&nbsp;vMBPortTimersEnable
<LI><a href="#[1b89180]">&gt;&gt;</a>&nbsp;&nbsp;&nbsp;vMBPortSerialEnable
<LI><a href="#[1b8b214]">&gt;&gt;</a>&nbsp;&nbsp;&nbsp;ExitCriticalSection
<LI><a href="#[1b8b250]">&gt;&gt;</a>&nbsp;&nbsp;&nbsp;EnterCriticalSection
</UL>
<BR>[Address Reference Count : 1]<UL><LI> mb.o(i.eMBInit)
</UL>
<P><STRONG><a name="[1b84ba8]"></a>eMBRTUStop</STRONG> (Thumb, 24 bytes, Stack size 8 bytes, mbrtu.o(i.eMBRTUStop))
<BR><BR>[Stack]<UL><LI>Max Depth = 8<LI>Call Chain = eMBRTUStop
</UL>
<BR>[Calls]<UL><LI><a href="#[1b88028]">&gt;&gt;</a>&nbsp;&nbsp;&nbsp;vMBPortTimersDisable
<LI><a href="#[1b89180]">&gt;&gt;</a>&nbsp;&nbsp;&nbsp;vMBPortSerialEnable
<LI><a href="#[1b8b214]">&gt;&gt;</a>&nbsp;&nbsp;&nbsp;ExitCriticalSection
<LI><a href="#[1b8b250]">&gt;&gt;</a>&nbsp;&nbsp;&nbsp;EnterCriticalSection
</UL>
<BR>[Address Reference Count : 1]<UL><LI> mb.o(i.eMBInit)
</UL>
<P><STRONG><a name="[1b86de0]"></a>eMBRegCoilsCB</STRONG> (Thumb, 332 bytes, Stack size 72 bytes, user_mb_app.o(i.eMBRegCoilsCB))
<BR><BR>[Stack]<UL><LI>Max Depth = 116<LI>Call Chain = eMBRegCoilsCB &rArr; xMBUtilSetBits
</UL>
<BR>[Calls]<UL><LI><a href="#[1b86c3c]">&gt;&gt;</a>&nbsp;&nbsp;&nbsp;xMBUtilSetBits
<LI><a href="#[1b86c78]">&gt;&gt;</a>&nbsp;&nbsp;&nbsp;xMBUtilGetBits
<LI><a href="#[1b86cb4]">&gt;&gt;</a>&nbsp;&nbsp;&nbsp;xMBMasterGetCBRunInMasterMode
<LI><a href="#[1b86cf0]">&gt;&gt;</a>&nbsp;&nbsp;&nbsp;ucMBMasterGetDestAddress
</UL>
<BR>[Called By]<UL><LI><a href="#[1b83d20]">&gt;&gt;</a>&nbsp;&nbsp;&nbsp;eMBFuncWriteMultipleCoils
<LI><a href="#[1b83d5c]">&gt;&gt;</a>&nbsp;&nbsp;&nbsp;eMBFuncWriteCoil
<LI><a href="#[1b83d98]">&gt;&gt;</a>&nbsp;&nbsp;&nbsp;eMBFuncReadCoils
</UL>

<P><STRONG><a name="[1b86da4]"></a>eMBRegDiscreteCB</STRONG> (Thumb, 318 bytes, Stack size 56 bytes, user_mb_app.o(i.eMBRegDiscreteCB))
<BR><BR>[Stack]<UL><LI>Max Depth = 100<LI>Call Chain = eMBRegDiscreteCB &rArr; xMBUtilSetBits
</UL>
<BR>[Calls]<UL><LI><a href="#[1b86c3c]">&gt;&gt;</a>&nbsp;&nbsp;&nbsp;xMBUtilSetBits
<LI><a href="#[1b86c78]">&gt;&gt;</a>&nbsp;&nbsp;&nbsp;xMBUtilGetBits
<LI><a href="#[1b86cb4]">&gt;&gt;</a>&nbsp;&nbsp;&nbsp;xMBMasterGetCBRunInMasterMode
<LI><a href="#[1b86cf0]">&gt;&gt;</a>&nbsp;&nbsp;&nbsp;ucMBMasterGetDestAddress
</UL>
<BR>[Called By]<UL><LI><a href="#[1b838ac]">&gt;&gt;</a>&nbsp;&nbsp;&nbsp;eMBFuncReadDiscreteInputs
</UL>

<P><STRONG><a name="[1b86d68]"></a>eMBRegHoldingCB</STRONG> (Thumb, 176 bytes, Stack size 48 bytes, user_mb_app.o(i.eMBRegHoldingCB))
<BR><BR>[Stack]<UL><LI>Max Depth = 48<LI>Call Chain = eMBRegHoldingCB
</UL>
<BR>[Calls]<UL><LI><a href="#[1b86cb4]">&gt;&gt;</a>&nbsp;&nbsp;&nbsp;xMBMasterGetCBRunInMasterMode
<LI><a href="#[1b86cf0]">&gt;&gt;</a>&nbsp;&nbsp;&nbsp;ucMBMasterGetDestAddress
</UL>
<BR>[Called By]<UL><LI><a href="#[1b8303c]">&gt;&gt;</a>&nbsp;&nbsp;&nbsp;eMBFuncWriteMultipleHoldingRegister
<LI><a href="#[1b83078]">&gt;&gt;</a>&nbsp;&nbsp;&nbsp;eMBFuncWriteHoldingRegister
<LI><a href="#[1b830b4]">&gt;&gt;</a>&nbsp;&nbsp;&nbsp;eMBFuncReadWriteMultipleHoldingRegister
<LI><a href="#[1b830f0]">&gt;&gt;</a>&nbsp;&nbsp;&nbsp;eMBFuncReadHoldingRegister
</UL>

<P><STRONG><a name="[1b86d2c]"></a>eMBRegInputCB</STRONG> (Thumb, 150 bytes, Stack size 32 bytes, user_mb_app.o(i.eMBRegInputCB))
<BR><BR>[Stack]<UL><LI>Max Depth = 32<LI>Call Chain = eMBRegInputCB
</UL>
<BR>[Calls]<UL><LI><a href="#[1b86cb4]">&gt;&gt;</a>&nbsp;&nbsp;&nbsp;xMBMasterGetCBRunInMasterMode
<LI><a href="#[1b86cf0]">&gt;&gt;</a>&nbsp;&nbsp;&nbsp;ucMBMasterGetDestAddress
</UL>
<BR>[Called By]<UL><LI><a href="#[1b82cb8]">&gt;&gt;</a>&nbsp;&nbsp;&nbsp;eMBFuncReadInputRegister
</UL>

<P><STRONG><a name="[1b8bb74]"></a>main</STRONG> (Thumb, 88 bytes, Stack size 8 bytes, main.o(i.main))
<BR><BR>[Stack]<UL><LI>Max Depth = 180<LI>Call Chain = main &rArr; eMBInit &rArr; eMBRTUInit &rArr; xMBPortSerialInit &rArr; UART_Open &rArr; CLK_GetPLLClockFreq &rArr; __aeabi_uidivmod
</UL>
<BR>[Calls]<UL><LI><a href="#[1b8b82c]">&gt;&gt;</a>&nbsp;&nbsp;&nbsp;eMBPoll
<LI><a href="#[1b8b868]">&gt;&gt;</a>&nbsp;&nbsp;&nbsp;eMBInit
<LI><a href="#[1b8b8a4]">&gt;&gt;</a>&nbsp;&nbsp;&nbsp;eMBEnable
<LI><a href="#[1b8b91c]">&gt;&gt;</a>&nbsp;&nbsp;&nbsp;TimeInit
<LI><a href="#[1b8b9d0]">&gt;&gt;</a>&nbsp;&nbsp;&nbsp;RotaryEncoderHWinit
<LI><a href="#[1b8ba0c]">&gt;&gt;</a>&nbsp;&nbsp;&nbsp;DisplayScan
<LI><a href="#[1b8ba48]">&gt;&gt;</a>&nbsp;&nbsp;&nbsp;DisplayHWInit
<LI><a href="#[1b8bac0]">&gt;&gt;</a>&nbsp;&nbsp;&nbsp;CountPoll
<LI><a href="#[1b8bb38]">&gt;&gt;</a>&nbsp;&nbsp;&nbsp;BuzzePoll
<LI><a href="#[1b8bbec]">&gt;&gt;</a>&nbsp;&nbsp;&nbsp;SYS_Init
</UL>
<BR>[Address Reference Count : 1]<UL><LI> entry7.o(.ARM.Collect$$$$00000007)
</UL>
<P><STRONG><a name="[1b84b6c]"></a>peBTFrameSendCur</STRONG> (Thumb, 216 bytes, Stack size 24 bytes, mbrtu.o(i.peBTFrameSendCur))
<BR><BR>[Stack]<UL><LI>Max Depth = 32<LI>Call Chain = peBTFrameSendCur &rArr; crc_ccitt
</UL>
<BR>[Calls]<UL><LI><a href="#[1b86624]">&gt;&gt;</a>&nbsp;&nbsp;&nbsp;crc_ccitt
<LI><a href="#[1b89180]">&gt;&gt;</a>&nbsp;&nbsp;&nbsp;vMBPortSerialEnable
<LI><a href="#[1b8b214]">&gt;&gt;</a>&nbsp;&nbsp;&nbsp;ExitCriticalSection
<LI><a href="#[1b8b250]">&gt;&gt;</a>&nbsp;&nbsp;&nbsp;EnterCriticalSection
<LI><a href="#[27b4924]">&gt;&gt;</a>&nbsp;&nbsp;&nbsp;__aeabi_memcpy
</UL>
<BR>[Called By]<UL><LI><a href="#[1b8b82c]">&gt;&gt;</a>&nbsp;&nbsp;&nbsp;eMBPoll
</UL>

<P><STRONG><a name="[1b843ec]"></a>prveMBError2Exception</STRONG> (Thumb, 36 bytes, Stack size 0 bytes, mbutils.o(i.prveMBError2Exception))
<BR><BR>[Called By]<UL><LI><a href="#[1b82cb8]">&gt;&gt;</a>&nbsp;&nbsp;&nbsp;eMBFuncReadInputRegister
<LI><a href="#[1b8303c]">&gt;&gt;</a>&nbsp;&nbsp;&nbsp;eMBFuncWriteMultipleHoldingRegister
<LI><a href="#[1b83078]">&gt;&gt;</a>&nbsp;&nbsp;&nbsp;eMBFuncWriteHoldingRegister
<LI><a href="#[1b830b4]">&gt;&gt;</a>&nbsp;&nbsp;&nbsp;eMBFuncReadWriteMultipleHoldingRegister
<LI><a href="#[1b830f0]">&gt;&gt;</a>&nbsp;&nbsp;&nbsp;eMBFuncReadHoldingRegister
<LI><a href="#[1b838ac]">&gt;&gt;</a>&nbsp;&nbsp;&nbsp;eMBFuncReadDiscreteInputs
<LI><a href="#[1b83d20]">&gt;&gt;</a>&nbsp;&nbsp;&nbsp;eMBFuncWriteMultipleCoils
<LI><a href="#[1b83d5c]">&gt;&gt;</a>&nbsp;&nbsp;&nbsp;eMBFuncWriteCoil
<LI><a href="#[1b83d98]">&gt;&gt;</a>&nbsp;&nbsp;&nbsp;eMBFuncReadCoils
<LI><a href="#[1b84428]">&gt;&gt;</a>&nbsp;&nbsp;&nbsp;eBTFuncReadHoldingRegister
</UL>

<P><STRONG><a name="[1b86cf0]"></a>ucMBMasterGetDestAddress</STRONG> (Thumb, 4 bytes, Stack size 0 bytes, user_mb_app.o(i.ucMBMasterGetDestAddress))
<BR><BR>[Called By]<UL><LI><a href="#[1b86d2c]">&gt;&gt;</a>&nbsp;&nbsp;&nbsp;eMBRegInputCB
<LI><a href="#[1b86d68]">&gt;&gt;</a>&nbsp;&nbsp;&nbsp;eMBRegHoldingCB
<LI><a href="#[1b86da4]">&gt;&gt;</a>&nbsp;&nbsp;&nbsp;eMBRegDiscreteCB
<LI><a href="#[1b86de0]">&gt;&gt;</a>&nbsp;&nbsp;&nbsp;eMBRegCoilsCB
</UL>

<P><STRONG><a name="[1b865e8]"></a>usMBCRC16</STRONG> (Thumb, 44 bytes, Stack size 16 bytes, mbcrc.o(i.usMBCRC16))
<BR><BR>[Stack]<UL><LI>Max Depth = 16<LI>Call Chain = usMBCRC16
</UL>
<BR>[Called By]<UL><LI><a href="#[1b84c20]">&gt;&gt;</a>&nbsp;&nbsp;&nbsp;eMBRTUSend
<LI><a href="#[1b84c5c]">&gt;&gt;</a>&nbsp;&nbsp;&nbsp;eMBRTUReceive
</UL>

<P><STRONG><a name="[1b89180]"></a>vMBPortSerialEnable</STRONG> (Thumb, 62 bytes, Stack size 0 bytes, portserial.o(i.vMBPortSerialEnable))
<BR><BR>[Called By]<UL><LI><a href="#[1b84ab8]">&gt;&gt;</a>&nbsp;&nbsp;&nbsp;xMBRTUTransmitFSM
<LI><a href="#[1b84b6c]">&gt;&gt;</a>&nbsp;&nbsp;&nbsp;peBTFrameSendCur
<LI><a href="#[1b84ba8]">&gt;&gt;</a>&nbsp;&nbsp;&nbsp;eMBRTUStop
<LI><a href="#[1b84be4]">&gt;&gt;</a>&nbsp;&nbsp;&nbsp;eMBRTUStart
<LI><a href="#[1b84c20]">&gt;&gt;</a>&nbsp;&nbsp;&nbsp;eMBRTUSend
</UL>

<P><STRONG><a name="[1b88028]"></a>vMBPortTimersDisable</STRONG> (Thumb, 12 bytes, Stack size 0 bytes, porttimer.o(i.vMBPortTimersDisable))
<BR><BR>[Called By]<UL><LI><a href="#[1b84af4]">&gt;&gt;</a>&nbsp;&nbsp;&nbsp;xMBRTUTimerT35Expired
<LI><a href="#[1b84ba8]">&gt;&gt;</a>&nbsp;&nbsp;&nbsp;eMBRTUStop
</UL>

<P><STRONG><a name="[1b87fec]"></a>vMBPortTimersEnable</STRONG> (Thumb, 14 bytes, Stack size 0 bytes, porttimer.o(i.vMBPortTimersEnable))
<BR><BR>[Called By]<UL><LI><a href="#[1b84b30]">&gt;&gt;</a>&nbsp;&nbsp;&nbsp;xMBRTUReceiveFSM
<LI><a href="#[1b84be4]">&gt;&gt;</a>&nbsp;&nbsp;&nbsp;eMBRTUStart
</UL>

<P><STRONG><a name="[1b86cb4]"></a>xMBMasterGetCBRunInMasterMode</STRONG> (Thumb, 4 bytes, Stack size 0 bytes, user_mb_app.o(i.xMBMasterGetCBRunInMasterMode))
<BR><BR>[Called By]<UL><LI><a href="#[1b86d2c]">&gt;&gt;</a>&nbsp;&nbsp;&nbsp;eMBRegInputCB
<LI><a href="#[1b86d68]">&gt;&gt;</a>&nbsp;&nbsp;&nbsp;eMBRegHoldingCB
<LI><a href="#[1b86da4]">&gt;&gt;</a>&nbsp;&nbsp;&nbsp;eMBRegDiscreteCB
<LI><a href="#[1b86de0]">&gt;&gt;</a>&nbsp;&nbsp;&nbsp;eMBRegCoilsCB
</UL>

<P><STRONG><a name="[1b8a8b4]"></a>xMBPortEventGet</STRONG> (Thumb, 30 bytes, Stack size 0 bytes, portevent.o(i.xMBPortEventGet))
<BR><BR>[Called By]<UL><LI><a href="#[1b8b82c]">&gt;&gt;</a>&nbsp;&nbsp;&nbsp;eMBPoll
</UL>

<P><STRONG><a name="[1b8a878]"></a>xMBPortEventInit</STRONG> (Thumb, 10 bytes, Stack size 0 bytes, portevent.o(i.xMBPortEventInit))
<BR><BR>[Called By]<UL><LI><a href="#[1b8b868]">&gt;&gt;</a>&nbsp;&nbsp;&nbsp;eMBInit
</UL>

<P><STRONG><a name="[1b8a83c]"></a>xMBPortEventPost</STRONG> (Thumb, 16 bytes, Stack size 0 bytes, portevent.o(i.xMBPortEventPost))
<BR><BR>[Called By]<UL><LI><a href="#[1b84ab8]">&gt;&gt;</a>&nbsp;&nbsp;&nbsp;xMBRTUTransmitFSM
<LI><a href="#[1b84af4]">&gt;&gt;</a>&nbsp;&nbsp;&nbsp;xMBRTUTimerT35Expired
<LI><a href="#[1b8b82c]">&gt;&gt;</a>&nbsp;&nbsp;&nbsp;eMBPoll
</UL>

<P><STRONG><a name="[1b89144]"></a>xMBPortSerialGetByte</STRONG> (Thumb, 12 bytes, Stack size 0 bytes, portserial.o(i.xMBPortSerialGetByte))
<BR><BR>[Called By]<UL><LI><a href="#[1b84b30]">&gt;&gt;</a>&nbsp;&nbsp;&nbsp;xMBRTUReceiveFSM
</UL>

<P><STRONG><a name="[1b89108]"></a>xMBPortSerialInit</STRONG> (Thumb, 88 bytes, Stack size 24 bytes, portserial.o(i.xMBPortSerialInit))
<BR><BR>[Stack]<UL><LI>Max Depth = 108<LI>Call Chain = xMBPortSerialInit &rArr; UART_Open &rArr; CLK_GetPLLClockFreq &rArr; __aeabi_uidivmod
</UL>
<BR>[Calls]<UL><LI><a href="#[1b89054]">&gt;&gt;</a>&nbsp;&nbsp;&nbsp;CLK_SetModuleClock
<LI><a href="#[1b89090]">&gt;&gt;</a>&nbsp;&nbsp;&nbsp;CLK_EnableModuleClock
<LI><a href="#[1b89900]">&gt;&gt;</a>&nbsp;&nbsp;&nbsp;NVIC_SetPriority
<LI><a href="#[1b8b214]">&gt;&gt;</a>&nbsp;&nbsp;&nbsp;ExitCriticalSection
<LI><a href="#[1b8b250]">&gt;&gt;</a>&nbsp;&nbsp;&nbsp;EnterCriticalSection
<LI><a href="#[1b8b8e0]">&gt;&gt;</a>&nbsp;&nbsp;&nbsp;UART_Open
<LI><a href="#[1b8b994]">&gt;&gt;</a>&nbsp;&nbsp;&nbsp;SYS_ResetModule
</UL>
<BR>[Called By]<UL><LI><a href="#[1b84c98]">&gt;&gt;</a>&nbsp;&nbsp;&nbsp;eMBRTUInit
</UL>

<P><STRONG><a name="[1b890cc]"></a>xMBPortSerialPutByte</STRONG> (Thumb, 10 bytes, Stack size 0 bytes, portserial.o(i.xMBPortSerialPutByte))
<BR><BR>[Called By]<UL><LI><a href="#[1b84ab8]">&gt;&gt;</a>&nbsp;&nbsp;&nbsp;xMBRTUTransmitFSM
</UL>

<P><STRONG><a name="[1b87fb0]"></a>xMBPortTimersInit</STRONG> (Thumb, 80 bytes, Stack size 8 bytes, porttimer.o(i.xMBPortTimersInit))
<BR><BR>[Stack]<UL><LI>Max Depth = 96<LI>Call Chain = xMBPortTimersInit &rArr; TIMER_Open &rArr; TIMER_GetModuleClock
</UL>
<BR>[Calls]<UL><LI><a href="#[1b87f74]">&gt;&gt;</a>&nbsp;&nbsp;&nbsp;TIMER_Open
<LI><a href="#[1b883ac]">&gt;&gt;</a>&nbsp;&nbsp;&nbsp;NVIC_SetPriority
</UL>
<BR>[Called By]<UL><LI><a href="#[1b84c98]">&gt;&gt;</a>&nbsp;&nbsp;&nbsp;eMBRTUInit
</UL>

<P><STRONG><a name="[1b84b30]"></a>xMBRTUReceiveFSM</STRONG> (Thumb, 134 bytes, Stack size 16 bytes, mbrtu.o(i.xMBRTUReceiveFSM))
<BR><BR>[Stack]<UL><LI>Max Depth = 16<LI>Call Chain = xMBRTUReceiveFSM
</UL>
<BR>[Calls]<UL><LI><a href="#[1b87fec]">&gt;&gt;</a>&nbsp;&nbsp;&nbsp;vMBPortTimersEnable
<LI><a href="#[1b89144]">&gt;&gt;</a>&nbsp;&nbsp;&nbsp;xMBPortSerialGetByte
</UL>
<BR>[Address Reference Count : 1]<UL><LI> mb.o(i.eMBInit)
</UL>
<P><STRONG><a name="[1b84af4]"></a>xMBRTUTimerT35Expired</STRONG> (Thumb, 62 bytes, Stack size 8 bytes, mbrtu.o(i.xMBRTUTimerT35Expired))
<BR><BR>[Stack]<UL><LI>Max Depth = 8<LI>Call Chain = xMBRTUTimerT35Expired
</UL>
<BR>[Calls]<UL><LI><a href="#[1b88028]">&gt;&gt;</a>&nbsp;&nbsp;&nbsp;vMBPortTimersDisable
<LI><a href="#[1b8a83c]">&gt;&gt;</a>&nbsp;&nbsp;&nbsp;xMBPortEventPost
</UL>
<BR>[Address Reference Count : 1]<UL><LI> mb.o(i.eMBInit)
</UL>
<P><STRONG><a name="[1b84ab8]"></a>xMBRTUTransmitFSM</STRONG> (Thumb, 106 bytes, Stack size 8 bytes, mbrtu.o(i.xMBRTUTransmitFSM))
<BR><BR>[Stack]<UL><LI>Max Depth = 8<LI>Call Chain = xMBRTUTransmitFSM
</UL>
<BR>[Calls]<UL><LI><a href="#[1b890cc]">&gt;&gt;</a>&nbsp;&nbsp;&nbsp;xMBPortSerialPutByte
<LI><a href="#[1b89180]">&gt;&gt;</a>&nbsp;&nbsp;&nbsp;vMBPortSerialEnable
<LI><a href="#[1b8a83c]">&gt;&gt;</a>&nbsp;&nbsp;&nbsp;xMBPortEventPost
</UL>
<BR>[Address Reference Count : 1]<UL><LI> mb.o(i.eMBInit)
</UL>
<P><STRONG><a name="[1b86c78]"></a>xMBUtilGetBits</STRONG> (Thumb, 46 bytes, Stack size 20 bytes, mbutils.o(i.xMBUtilGetBits))
<BR><BR>[Stack]<UL><LI>Max Depth = 20<LI>Call Chain = xMBUtilGetBits
</UL>
<BR>[Called By]<UL><LI><a href="#[1b86da4]">&gt;&gt;</a>&nbsp;&nbsp;&nbsp;eMBRegDiscreteCB
<LI><a href="#[1b86de0]">&gt;&gt;</a>&nbsp;&nbsp;&nbsp;eMBRegCoilsCB
</UL>

<P><STRONG><a name="[1b86c3c]"></a>xMBUtilSetBits</STRONG> (Thumb, 80 bytes, Stack size 44 bytes, mbutils.o(i.xMBUtilSetBits))
<BR><BR>[Stack]<UL><LI>Max Depth = 44<LI>Call Chain = xMBUtilSetBits
</UL>
<BR>[Called By]<UL><LI><a href="#[1b86da4]">&gt;&gt;</a>&nbsp;&nbsp;&nbsp;eMBRegDiscreteCB
<LI><a href="#[1b86de0]">&gt;&gt;</a>&nbsp;&nbsp;&nbsp;eMBRegCoilsCB
</UL>
<P>
<H3>
Local Symbols
</H3>
<P><STRONG><a name="[1b89900]"></a>NVIC_SetPriority</STRONG> (Thumb, 110 bytes, Stack size 8 bytes, portserial.o(i.NVIC_SetPriority))
<BR><BR>[Stack]<UL><LI>Max Depth = 8<LI>Call Chain = NVIC_SetPriority
</UL>
<BR>[Called By]<UL><LI><a href="#[1b89108]">&gt;&gt;</a>&nbsp;&nbsp;&nbsp;xMBPortSerialInit
</UL>

<P><STRONG><a name="[1b898c4]"></a>prvvUARTRxISR</STRONG> (Thumb, 10 bytes, Stack size 8 bytes, portserial.o(i.prvvUARTRxISR))
<BR><BR>[Stack]<UL><LI>Max Depth = 8<LI>Call Chain = prvvUARTRxISR
</UL>
<BR>[Called By]<UL><LI><a href="#[1b891f8]">&gt;&gt;</a>&nbsp;&nbsp;&nbsp;UART0_IRQHandler
</UL>

<P><STRONG><a name="[1b89888]"></a>prvvUARTTxReadyISR</STRONG> (Thumb, 10 bytes, Stack size 8 bytes, portserial.o(i.prvvUARTTxReadyISR))
<BR><BR>[Stack]<UL><LI>Max Depth = 8<LI>Call Chain = prvvUARTTxReadyISR
</UL>
<BR>[Called By]<UL><LI><a href="#[1b891f8]">&gt;&gt;</a>&nbsp;&nbsp;&nbsp;UART0_IRQHandler
</UL>

<P><STRONG><a name="[1b883ac]"></a>NVIC_SetPriority</STRONG> (Thumb, 110 bytes, Stack size 8 bytes, porttimer.o(i.NVIC_SetPriority))
<BR><BR>[Stack]<UL><LI>Max Depth = 8<LI>Call Chain = NVIC_SetPriority
</UL>
<BR>[Called By]<UL><LI><a href="#[1b87fb0]">&gt;&gt;</a>&nbsp;&nbsp;&nbsp;xMBPortTimersInit
</UL>

<P><STRONG><a name="[1b88370]"></a>prvvTIMERExpiredISR</STRONG> (Thumb, 10 bytes, Stack size 8 bytes, porttimer.o(i.prvvTIMERExpiredISR))
<BR><BR>[Stack]<UL><LI>Max Depth = 8<LI>Call Chain = prvvTIMERExpiredISR
</UL>
<BR>[Called By]<UL><LI><a href="#[1b88064]">&gt;&gt;</a>&nbsp;&nbsp;&nbsp;TMR1_IRQHandler
</UL>

<P><STRONG><a name="[27bb8b4]"></a>CLK_GetPLLClockFreq</STRONG> (Thumb, 106 bytes, Stack size 32 bytes, uart.o(i.CLK_GetPLLClockFreq))
<BR><BR>[Stack]<UL><LI>Max Depth = 44<LI>Call Chain = CLK_GetPLLClockFreq &rArr; __aeabi_uidivmod
</UL>
<BR>[Calls]<UL><LI><a href="#[27b4b40]">&gt;&gt;</a>&nbsp;&nbsp;&nbsp;__aeabi_uidivmod
</UL>
<BR>[Called By]<UL><LI><a href="#[1b8b8e0]">&gt;&gt;</a>&nbsp;&nbsp;&nbsp;UART_Open
</UL>

<P><STRONG><a name="[27ba450]"></a>Default_Handler</STRONG> (Thumb, 2 bytes, Stack size 0 bytes, startup_m051series.o(.text))
<BR>[Address Reference Count : 1]<UL><LI> startup_m051series.o(RESET)
</UL>
<P><STRONG><a name="[27b93ac]"></a>CLK_GetPLLClockFreq</STRONG> (Thumb, 106 bytes, Stack size 32 bytes, system_m051series.o(i.CLK_GetPLLClockFreq))
<BR><BR>[Stack]<UL><LI>Max Depth = 44<LI>Call Chain = CLK_GetPLLClockFreq &rArr; __aeabi_uidivmod
</UL>
<BR>[Calls]<UL><LI><a href="#[27b4b40]">&gt;&gt;</a>&nbsp;&nbsp;&nbsp;__aeabi_uidivmod
</UL>
<BR>[Called By]<UL><LI><a href="#[1b8b958]">&gt;&gt;</a>&nbsp;&nbsp;&nbsp;SystemCoreClockUpdate
</UL>

<P><STRONG><a name="[27b5734]"></a>FMC_Read</STRONG> (Thumb, 36 bytes, Stack size 0 bytes, display.o(i.FMC_Read))
<BR><BR>[Called By]<UL><LI><a href="#[1b8b91c]">&gt;&gt;</a>&nbsp;&nbsp;&nbsp;TimeInit
<LI><a href="#[27b5158]">&gt;&gt;</a>&nbsp;&nbsp;&nbsp;GetFlash
</UL>

<P><STRONG><a name="[27b56f8]"></a>NVIC_EnableIRQ</STRONG> (Thumb, 14 bytes, Stack size 0 bytes, display.o(i.NVIC_EnableIRQ))
<BR><BR>[Called By]<UL><LI><a href="#[1b8b9d0]">&gt;&gt;</a>&nbsp;&nbsp;&nbsp;RotaryEncoderHWinit
</UL>
<P>
<H3>
Undefined Global Symbols
</H3><HR></body></html>
